>>> Matches s√£o
Autocomplete | Autocorrect
sao          | sao
             | sal
             | sai
             | soa
