>>> Matches s√£o
Autocomplete | Autocorrect
entre        | <nenhuma>
engraxate    | 
engavetar    | 
engracado    | 