>>> Matches s√£o
Autocomplete | Autocorrect
<nenhuma>    | <nenhuma>